Loaded graph.json: n=300, n_edges=2591, n_confirmed=358
Corpus: 5,000,000 bytes

     50,000/5,000,000 bytes  (6072 b/s, eta 13.6 min)  nan_count=0  active_frac=0.0500
    100,000/5,000,000 bytes  (6041 b/s, eta 13.5 min)  nan_count=0  active_frac=0.0500
    150,000/5,000,000 bytes  (6031 b/s, eta 13.4 min)  nan_count=0  active_frac=0.0500
    200,000/5,000,000 bytes  (6025 b/s, eta 13.3 min)  nan_count=0  active_frac=0.0500
    250,000/5,000,000 bytes  (6012 b/s, eta 13.2 min)  nan_count=0  active_frac=0.0500
    300,000/5,000,000 bytes  (6000 b/s, eta 13.1 min)  nan_count=0  active_frac=0.0500
    350,000/5,000,000 bytes  (5998 b/s, eta 12.9 min)  nan_count=0  active_frac=0.0500
    400,000/5,000,000 bytes  (5997 b/s, eta 12.8 min)  nan_count=0  active_frac=0.0500
    450,000/5,000,000 bytes  (5994 b/s, eta 12.7 min)  nan_count=0  active_frac=0.0500
    500,000/5,000,000 bytes  (5992 b/s, eta 12.5 min)  nan_count=0  active_frac=0.0500
    550,000/5,000,000 bytes  (5990 b/s, eta 12.4 min)  nan_count=0  active_frac=0.0500
    600,000/5,000,000 bytes  (5988 b/s, eta 12.2 min)  nan_count=0  active_frac=0.0500
    650,000/5,000,000 bytes  (5985 b/s, eta 12.1 min)  nan_count=0  active_frac=0.0500
    700,000/5,000,000 bytes  (5985 b/s, eta 12.0 min)  nan_count=0  active_frac=0.0500
    750,000/5,000,000 bytes  (5984 b/s, eta 11.8 min)  nan_count=0  active_frac=0.0500
    800,000/5,000,000 bytes  (5986 b/s, eta 11.7 min)  nan_count=0  active_frac=0.0500
    850,000/5,000,000 bytes  (5989 b/s, eta 11.5 min)  nan_count=0  active_frac=0.0500
    900,000/5,000,000 bytes  (5992 b/s, eta 11.4 min)  nan_count=0  active_frac=0.0500
    950,000/5,000,000 bytes  (5994 b/s, eta 11.3 min)  nan_count=0  active_frac=0.0500
  1,000,000/5,000,000 bytes  (5997 b/s, eta 11.1 min)  nan_count=0  active_frac=0.0500
  1,050,000/5,000,000 bytes  (6000 b/s, eta 11.0 min)  nan_count=0  active_frac=0.0500
  1,100,000/5,000,000 bytes  (6003 b/s, eta 10.8 min)  nan_count=0  active_frac=0.0500
  1,150,000/5,000,000 bytes  (6008 b/s, eta 10.7 min)  nan_count=0  active_frac=0.0500
  1,200,000/5,000,000 bytes  (6011 b/s, eta 10.5 min)  nan_count=0  active_frac=0.0500
  1,250,000/5,000,000 bytes  (6013 b/s, eta 10.4 min)  nan_count=0  active_frac=0.0500
  1,300,000/5,000,000 bytes  (6014 b/s, eta 10.3 min)  nan_count=0  active_frac=0.0500
  1,350,000/5,000,000 bytes  (6016 b/s, eta 10.1 min)  nan_count=0  active_frac=0.0500
  1,400,000/5,000,000 bytes  (6018 b/s, eta 10.0 min)  nan_count=0  active_frac=0.0500
  1,450,000/5,000,000 bytes  (6018 b/s, eta 9.8 min)  nan_count=0  active_frac=0.0500
  1,500,000/5,000,000 bytes  (6019 b/s, eta 9.7 min)  nan_count=0  active_frac=0.0500
  1,550,000/5,000,000 bytes  (6019 b/s, eta 9.6 min)  nan_count=0  active_frac=0.0500
  1,600,000/5,000,000 bytes  (6018 b/s, eta 9.4 min)  nan_count=0  active_frac=0.0500
  1,650,000/5,000,000 bytes  (6018 b/s, eta 9.3 min)  nan_count=0  active_frac=0.0500
  1,700,000/5,000,000 bytes  (6017 b/s, eta 9.1 min)  nan_count=0  active_frac=0.0500
  1,750,000/5,000,000 bytes  (6016 b/s, eta 9.0 min)  nan_count=0  active_frac=0.0500
  1,800,000/5,000,000 bytes  (6015 b/s, eta 8.9 min)  nan_count=0  active_frac=0.0500
  1,850,000/5,000,000 bytes  (6015 b/s, eta 8.7 min)  nan_count=0  active_frac=0.0500
  1,900,000/5,000,000 bytes  (6016 b/s, eta 8.6 min)  nan_count=0  active_frac=0.0500
  1,950,000/5,000,000 bytes  (6017 b/s, eta 8.4 min)  nan_count=0  active_frac=0.0500
  2,000,000/5,000,000 bytes  (6018 b/s, eta 8.3 min)  nan_count=0  active_frac=0.0500
  2,050,000/5,000,000 bytes  (6018 b/s, eta 8.2 min)  nan_count=0  active_frac=0.0500
  2,100,000/5,000,000 bytes  (6019 b/s, eta 8.0 min)  nan_count=0  active_frac=0.0500
  2,150,000/5,000,000 bytes  (6021 b/s, eta 7.9 min)  nan_count=0  active_frac=0.0500
  2,200,000/5,000,000 bytes  (6021 b/s, eta 7.8 min)  nan_count=0  active_frac=0.0500
  2,250,000/5,000,000 bytes  (6022 b/s, eta 7.6 min)  nan_count=0  active_frac=0.0500
  2,300,000/5,000,000 bytes  (6023 b/s, eta 7.5 min)  nan_count=0  active_frac=0.0500
  2,350,000/5,000,000 bytes  (6024 b/s, eta 7.3 min)  nan_count=0  active_frac=0.0500
  2,400,000/5,000,000 bytes  (6025 b/s, eta 7.2 min)  nan_count=0  active_frac=0.0500
  2,450,000/5,000,000 bytes  (6026 b/s, eta 7.1 min)  nan_count=0  active_frac=0.0500
  2,500,000/5,000,000 bytes  (6027 b/s, eta 6.9 min)  nan_count=0  active_frac=0.0500
  2,550,000/5,000,000 bytes  (6027 b/s, eta 6.8 min)  nan_count=0  active_frac=0.0500
  2,600,000/5,000,000 bytes  (6029 b/s, eta 6.6 min)  nan_count=0  active_frac=0.0500
  2,650,000/5,000,000 bytes  (6030 b/s, eta 6.5 min)  nan_count=0  active_frac=0.0500
  2,700,000/5,000,000 bytes  (6031 b/s, eta 6.4 min)  nan_count=0  active_frac=0.0500
  2,750,000/5,000,000 bytes  (6032 b/s, eta 6.2 min)  nan_count=0  active_frac=0.0500
  2,800,000/5,000,000 bytes  (6033 b/s, eta 6.1 min)  nan_count=0  active_frac=0.0500
  2,850,000/5,000,000 bytes  (6033 b/s, eta 5.9 min)  nan_count=0  active_frac=0.0500
  2,900,000/5,000,000 bytes  (6033 b/s, eta 5.8 min)  nan_count=0  active_frac=0.0500
  2,950,000/5,000,000 bytes  (6034 b/s, eta 5.7 min)  nan_count=0  active_frac=0.0500
  3,000,000/5,000,000 bytes  (6035 b/s, eta 5.5 min)  nan_count=0  active_frac=0.0500
  3,050,000/5,000,000 bytes  (6036 b/s, eta 5.4 min)  nan_count=0  active_frac=0.0500
  3,100,000/5,000,000 bytes  (6036 b/s, eta 5.2 min)  nan_count=0  active_frac=0.0500
  3,150,000/5,000,000 bytes  (6036 b/s, eta 5.1 min)  nan_count=0  active_frac=0.0500
  3,200,000/5,000,000 bytes  (6036 b/s, eta 5.0 min)  nan_count=0  active_frac=0.0500
  3,250,000/5,000,000 bytes  (6036 b/s, eta 4.8 min)  nan_count=0  active_frac=0.0500
  3,300,000/5,000,000 bytes  (6035 b/s, eta 4.7 min)  nan_count=0  active_frac=0.0500
  3,350,000/5,000,000 bytes  (6035 b/s, eta 4.6 min)  nan_count=0  active_frac=0.0500
  3,400,000/5,000,000 bytes  (6035 b/s, eta 4.4 min)  nan_count=0  active_frac=0.0500
  3,450,000/5,000,000 bytes  (6035 b/s, eta 4.3 min)  nan_count=0  active_frac=0.0500
  3,500,000/5,000,000 bytes  (6035 b/s, eta 4.1 min)  nan_count=0  active_frac=0.0500
  3,550,000/5,000,000 bytes  (6035 b/s, eta 4.0 min)  nan_count=0  active_frac=0.0500
  3,600,000/5,000,000 bytes  (6035 b/s, eta 3.9 min)  nan_count=0  active_frac=0.0500
  3,650,000/5,000,000 bytes  (6036 b/s, eta 3.7 min)  nan_count=0  active_frac=0.0500
  3,700,000/5,000,000 bytes  (6036 b/s, eta 3.6 min)  nan_count=0  active_frac=0.0500
  3,750,000/5,000,000 bytes  (6036 b/s, eta 3.5 min)  nan_count=0  active_frac=0.0500
  3,800,000/5,000,000 bytes  (6037 b/s, eta 3.3 min)  nan_count=0  active_frac=0.0500
  3,850,000/5,000,000 bytes  (6037 b/s, eta 3.2 min)  nan_count=0  active_frac=0.0500
  3,900,000/5,000,000 bytes  (6037 b/s, eta 3.0 min)  nan_count=0  active_frac=0.0500
  3,950,000/5,000,000 bytes  (6037 b/s, eta 2.9 min)  nan_count=0  active_frac=0.0500
  4,000,000/5,000,000 bytes  (6038 b/s, eta 2.8 min)  nan_count=0  active_frac=0.0500
  4,050,000/5,000,000 bytes  (6038 b/s, eta 2.6 min)  nan_count=0  active_frac=0.0500
  4,100,000/5,000,000 bytes  (6039 b/s, eta 2.5 min)  nan_count=0  active_frac=0.0500
  4,150,000/5,000,000 bytes  (6039 b/s, eta 2.3 min)  nan_count=0  active_frac=0.0500
  4,200,000/5,000,000 bytes  (6039 b/s, eta 2.2 min)  nan_count=0  active_frac=0.0500
  4,250,000/5,000,000 bytes  (6040 b/s, eta 2.1 min)  nan_count=0  active_frac=0.0500
  4,300,000/5,000,000 bytes  (6040 b/s, eta 1.9 min)  nan_count=0  active_frac=0.0500
  4,350,000/5,000,000 bytes  (6041 b/s, eta 1.8 min)  nan_count=0  active_frac=0.0500
  4,400,000/5,000,000 bytes  (6041 b/s, eta 1.7 min)  nan_count=0  active_frac=0.0500
  4,450,000/5,000,000 bytes  (6040 b/s, eta 1.5 min)  nan_count=0  active_frac=0.0500
  4,500,000/5,000,000 bytes  (6040 b/s, eta 1.4 min)  nan_count=0  active_frac=0.0500
  4,550,000/5,000,000 bytes  (6040 b/s, eta 1.2 min)  nan_count=0  active_frac=0.0500
  4,600,000/5,000,000 bytes  (6040 b/s, eta 1.1 min)  nan_count=0  active_frac=0.0500
  4,650,000/5,000,000 bytes  (6040 b/s, eta 1.0 min)  nan_count=0  active_frac=0.0500
  4,700,000/5,000,000 bytes  (6039 b/s, eta 0.8 min)  nan_count=0  active_frac=0.0500
  4,750,000/5,000,000 bytes  (6039 b/s, eta 0.7 min)  nan_count=0  active_frac=0.0500
  4,800,000/5,000,000 bytes  (6039 b/s, eta 0.6 min)  nan_count=0  active_frac=0.0500
  4,850,000/5,000,000 bytes  (6038 b/s, eta 0.4 min)  nan_count=0  active_frac=0.0500
  4,900,000/5,000,000 bytes  (6038 b/s, eta 0.3 min)  nan_count=0  active_frac=0.0500
  4,950,000/5,000,000 bytes  (6038 b/s, eta 0.1 min)  nan_count=0  active_frac=0.0500
  5,000,000/5,000,000 bytes  (6037 b/s, eta 0.0 min)  nan_count=0  active_frac=0.0500

Done: 5,000,000 bytes in 13.8 min (6037 b/s)
Total nan_count: 0
Final n_confirmed: 358  n_suspended: 0
